// Jest Snapshot v1, https://goo.gl/fbAQLP

exports[`Results should render correctly 1`] = `
Array [
  <Result
    flight={
      Object {
        "agent": "Wizzair.com",
        "agent_rating": 9.1,
        "id": "it_1",
        "legs": Array [
          Object {
            "airline_id": "WZ",
            "airline_name": "Wizz Air",
            "arrival_airport": "LTN",
            "arrival_time": "2020-10-31T17:00",
            "departure_airport": "BUD",
            "departure_time": "2020-10-31T15:35",
            "duration_mins": 145,
            "id": "leg_1",
            "stops": 0,
          },
        ],
        "price": "Â£35",
      }
    }
  />,
]
`;
